
 ⛅️ wrangler 4.138.0
────────────────────

Cloudflare collects anonymous telemetry about your usage of Wrangler. Learn more at https://github.com/cloudflare/workers-sdk/tree/main/packages/wrangler/telemetry.md
[33m▲ [43;33m[[43;30mWARNING[43;33m][0m [1mIgnoring this import because "server/_runtime.mjs" was marked as having no side effects[0m [ignored-bare-import]

    server/_ssr/server-DtI1KvoH.mjs:1:7:
[37m      1 │ import [32m"../_runtime.mjs"[37m;
        ╵        [32m~~~~~~~~~~~~~~~~~[0m

  "sideEffects" is false in the enclosing "package.json" file:

    ../package.json:4:2:
[37m      4 │   [32m"sideEffects"[37m: false,
        ╵   [32m~~~~~~~~~~~~~[0m


⎔ Starting local server...
[wrangler:info] Ready on http://localhost:4173
[wrangler:info] GET / 200 OK (672ms)
[wrangler:info] GET / 200 OK (13ms)
[wrangler:info] GET /brand/wordmark/wordmark-flow-light.svg 200 OK (7ms)
[wrangler:info] GET /assets/index-DQDAr9OL.js 200 OK (15ms)
[wrangler:info] GET /assets/with-selector-BIWVUfF4.js 200 OK (16ms)
[wrangler:info] GET /fonts/fonts.css 200 OK (19ms)
[wrangler:info] GET /assets/styles-CTH5fW77.css 200 OK (19ms)
[wrangler:info] GET /assets/useStore-BJWr7wUx.js 200 OK (31ms)
[wrangler:info] GET /assets/Match-DNGw5I9v.js 200 OK (10ms)
[wrangler:info] GET /assets/createLucideIcon-Delg98nN.js 200 OK (35ms)
[wrangler:info] GET /assets/routes-DPdhEi2O.js 200 OK (17ms)
[wrangler:info] GET /assets/Interactive-DK_DzqpW.js 200 OK (13ms)
[wrangler:info] GET /assets/matchContext-Dma-w0QQ.js 200 OK (19ms)
[wrangler:info] GET /assets/AppHeader-BU4QRiOF.js 200 OK (4ms)
[wrangler:info] GET /assets/PortalLoadingFallback-BB2HxBnv.js 200 OK (6ms)
[wrangler:info] GET /assets/Reveal-BO3pVsXT.js 200 OK (7ms)
[wrangler:info] GET /media/gallery-of-light/v1/gallery-hero-desktop-v1-1280.avif 200 OK (8ms)
[wrangler:info] GET /fonts/Unbounded-Variable.woff2 200 OK (5ms)
[wrangler:info] GET /fonts/Onest-Variable.woff2 200 OK (6ms)
[wrangler:info] GET /assets/PortalScene--CKHavwF.js 200 OK (5ms)
[wrangler:info] GET / 200 OK (28ms)
[wrangler:info] GET /brand/wordmark/wordmark-flow-light.svg 200 OK (7ms)
[wrangler:info] GET /assets/styles-CTH5fW77.css 200 OK (10ms)
[wrangler:info] GET /assets/index-DQDAr9OL.js 200 OK (29ms)
[wrangler:info] GET /assets/useStore-BJWr7wUx.js 200 OK (19ms)
[wrangler:info] GET /assets/with-selector-BIWVUfF4.js 200 OK (31ms)
[wrangler:info] GET /assets/createLucideIcon-Delg98nN.js 200 OK (32ms)
[wrangler:info] GET /fonts/fonts.css 200 OK (32ms)
[wrangler:info] GET /assets/Match-DNGw5I9v.js 200 OK (34ms)
[wrangler:info] GET /assets/matchContext-Dma-w0QQ.js 200 OK (4ms)
[wrangler:info] GET /assets/routes-DPdhEi2O.js 200 OK (11ms)
[wrangler:info] GET /assets/Interactive-DK_DzqpW.js 200 OK (9ms)
[wrangler:info] GET /assets/AppHeader-BU4QRiOF.js 200 OK (5ms)
[wrangler:info] GET /assets/Reveal-BO3pVsXT.js 200 OK (14ms)
[wrangler:info] GET /media/gallery-of-light/v1/gallery-hero-desktop-v1-1280.avif 200 OK (15ms)
[wrangler:info] GET /assets/PortalLoadingFallback-BB2HxBnv.js 200 OK (15ms)
[wrangler:info] GET /fonts/Onest-Variable.woff2 200 OK (8ms)
[wrangler:info] GET /fonts/Unbounded-Variable.woff2 200 OK (14ms)
[wrangler:info] GET /brand/portal/portal-master.svg 200 OK (6ms)
[wrangler:info] GET / 200 OK (17ms)
[wrangler:info] GET /brand/wordmark/wordmark-flow-light.svg 200 OK (9ms)
[wrangler:info] GET /fonts/fonts.css 200 OK (7ms)
[wrangler:info] GET /assets/styles-CTH5fW77.css 200 OK (7ms)
[wrangler:info] GET /assets/with-selector-BIWVUfF4.js 200 OK (13ms)
[wrangler:info] GET /assets/createLucideIcon-Delg98nN.js 200 OK (14ms)
[wrangler:info] GET /assets/index-DQDAr9OL.js 200 OK (14ms)
[wrangler:info] GET /assets/Interactive-DK_DzqpW.js 200 OK (8ms)
[wrangler:info] GET /assets/routes-DPdhEi2O.js 200 OK (17ms)
[wrangler:info] GET /assets/useStore-BJWr7wUx.js 200 OK (27ms)
[wrangler:info] GET /assets/Match-DNGw5I9v.js 200 OK (29ms)
[wrangler:info] GET /assets/matchContext-Dma-w0QQ.js 200 OK (25ms)
[wrangler:info] GET /assets/AppHeader-BU4QRiOF.js 200 OK (12ms)
[wrangler:info] GET /assets/PortalLoadingFallback-BB2HxBnv.js 200 OK (4ms)
[wrangler:info] GET /assets/Reveal-BO3pVsXT.js 200 OK (6ms)
[wrangler:info] GET /media/gallery-of-light/v1/gallery-hero-desktop-v1-1280.avif 200 OK (5ms)
[wrangler:info] GET /fonts/Unbounded-Variable.woff2 200 OK (5ms)
[wrangler:info] GET /fonts/Onest-Variable.woff2 200 OK (7ms)
[wrangler:info] GET /assets/PortalScene--CKHavwF.js 200 OK (3ms)
[wrangler:info] GET /brand/portal/portal-master.svg 200 OK (5ms)
