$ python3 tests/static-fallback-matrix.py
Skipping host requirements validation logic because `PLAYWRIGHT_SKIP_VALIDATE_HOST_REQUIREMENTS` env variable is set.
Skipping host requirements validation logic because `PLAYWRIGHT_SKIP_VALIDATE_HOST_REQUIREMENTS` env variable is set.
PASS reduced-motion-1440x900 {"left": 770, "top": 51, "right": 1424, "bottom": 705} []
PASS reduced-motion-390x844 {"left": 48.859375, "top": 391.734375, "right": 341.125, "bottom": 684} []
PASS reduced-motion-360x740 {"left": 73.828125, "top": 367.65625, "right": 286.171875, "bottom": 580} []
PASS reduced-motion-500x860 {"left": 110.7890625, "top": 421.578125, "right": 389.2109375, "bottom": 700} []
PASS reduced-motion-844x390 {"left": 504.0234375, "top": 16.000000000000014, "right": 750.0234375, "bottom": 262} []
PASS reduced-motion-480x860 {"left": 98.296875, "top": 416.609375, "right": 381.6875, "bottom": 700} []
PASS reduced-motion-520x860 {"left": 123.265625, "top": 426.53125, "right": 396.734375, "bottom": 700} []
PASS reduced-motion-390x560 {"left": 122.5859375, "top": 255.1875, "right": 267.3984375, "bottom": 400} []
PASS reduced-motion-390x558 {"left": 123.515625, "top": 255.046875, "right": 266.46875, "bottom": 398} []
PASS reduced-motion-390x598 {"left": 104.921875, "top": 257.859375, "right": 285.0625, "bottom": 438} []
PASS reduced-motion-390x602 {"left": 103.0546875, "top": 258.125, "right": 286.9296875, "bottom": 442} []
PASS reduced-motion-390x650 {"left": 80.7421875, "top": 261.5, "right": 309.2421875, "bottom": 490} []
PASS reduced-motion-390x698 {"left": 58.421875, "top": 264.859375, "right": 331.5625, "bottom": 538} []
PASS reduced-motion-390x702 {"left": 108.5, "top": 369.015625, "right": 281.484375, "bottom": 542} []
PASS reduced-motion-640x560 {"left": 358.390625, "top": 99.1953125, "right": 608, "bottom": 348.8046875} []
PASS static-webgl-off-1440x900 {"left": 770, "top": 51, "right": 1424, "bottom": 705} []
PASS static-webgl-off-390x844 {"left": 48.859375, "top": 391.734375, "right": 341.125, "bottom": 684} []
PASS static-webgl-off-360x740 {"left": 73.828125, "top": 367.65625, "right": 286.171875, "bottom": 580} []
PASS static-webgl-off-500x860 {"left": 110.7890625, "top": 421.578125, "right": 389.2109375, "bottom": 700} []
PASS static-webgl-off-844x390 {"left": 504.0234375, "top": 16.000000000000014, "right": 750.0234375, "bottom": 262} []
PASS static-webgl-off-480x860 {"left": 98.296875, "top": 416.609375, "right": 381.6875, "bottom": 700} []
PASS static-webgl-off-520x860 {"left": 123.265625, "top": 426.53125, "right": 396.734375, "bottom": 700} []
PASS static-webgl-off-390x560 {"left": 122.5859375, "top": 255.1875, "right": 267.3984375, "bottom": 400} []
PASS static-webgl-off-390x558 {"left": 123.515625, "top": 255.046875, "right": 266.46875, "bottom": 398} []
PASS static-webgl-off-390x598 {"left": 104.921875, "top": 257.859375, "right": 285.0625, "bottom": 438} []
PASS static-webgl-off-390x602 {"left": 103.0546875, "top": 258.125, "right": 286.9296875, "bottom": 442} []
PASS static-webgl-off-390x650 {"left": 80.7421875, "top": 261.5, "right": 309.2421875, "bottom": 490} []
PASS static-webgl-off-390x698 {"left": 58.421875, "top": 264.859375, "right": 331.5625, "bottom": 538} []
PASS static-webgl-off-390x702 {"left": 108.5, "top": 369.015625, "right": 281.484375, "bottom": 542} []
PASS static-webgl-off-640x560 {"left": 358.390625, "top": 99.1953125, "right": 608, "bottom": 348.8046875} []
Static placement matrix PASS
