$ python3 tests/portal-acceptance.py
Skipping host requirements validation logic because `PLAYWRIGHT_SKIP_VALIDATE_HOST_REQUIREMENTS` env variable is set.
{"name": "00-run", "baseUrl": "http://localhost:8080", "startedAt": "2026-09-23T12:36:17+0000", "smoke": false}
{"name": "01-loading", "viewport": [1440, 900], "dpr": 1, "scrollY": 0, "scrollDistance": 1620, "rawProgress": 0, "displayedProgress": 0, "mode": "interactive", "canvas": 0, "staticSvg": 0, "loading": 1, "progress": "СБОРКА 00", "renderer": null, "sectionTop": 0}
{"name": "02-ready-zero", "viewport": [1440, 900], "dpr": 1, "scrollY": 0, "scrollDistance": 1620, "rawProgress": 0, "displayedProgress": 0, "mode": "interactive", "canvas": 1, "staticSvg": 0, "loading": 0, "progress": "СБОРКА 00", "renderer": "ANGLE (Google, Vulkan 1.3.0 (SwiftShader Device (Subzero) (0x0000C0DE)), SwiftShader driver)", "sectionTop": 0}
{"name": "02-ready-zero-pixels", "uniqueColors": 1999, "nonDarkPixels": 80116}
{"name": "02-ready-zero-composition", "viewport": {"width": 1440, "height": 900}, "wordmark": {"left": 48, "top": 153, "right": 738, "bottom": 361.65625}, "actions": [{"left": 48, "top": 698, "right": 253, "bottom": 746}, {"left": 265, "top": 698, "right": 424, "bottom": 746}], "dock": {"left": 432, "top": 756, "right": 1008, "bottom": 788}, "canvas": {"left": 0, "top": 0, "right": 1440, "bottom": 900}, "staticSvg": null, "problems": []}
{"name": "10-module-reject-static", "viewport": [1280, 720], "dpr": 1, "scrollY": 0, "scrollDistance": 0, "rawProgress": 0, "displayedProgress": null, "mode": "static", "canvas": 0, "staticSvg": 1, "loading": 0, "progress": null, "renderer": null, "sectionTop": 0}
{"name": "08-reduced-motion", "viewport": [390, 844], "dpr": 1, "scrollY": 0, "scrollDistance": 0, "rawProgress": 0, "displayedProgress": null, "mode": "static", "canvas": 0, "staticSvg": 1, "loading": 0, "progress": null, "renderer": null, "sectionTop": 0}
{"name": "08-reduced-motion-requests", "sceneRequests": []}
{"name": "08-reduced-motion-composition", "viewport": {"width": 390, "height": 844}, "wordmark": {"left": 20, "top": 171.03125, "right": 339.796875, "bottom": 267.734375}, "actions": [{"left": 20, "top": 327.734375, "right": 225, "bottom": 375.734375}], "dock": {"left": 58.5, "top": 700, "right": 331.5, "bottom": 732}, "canvas": null, "staticSvg": {"left": 46.796875, "top": 391.734375, "right": 343.1875, "bottom": 684}, "problems": []}
{"name": "25-reduced-motion-off", "viewport": [390, 844], "dpr": 1, "scrollY": 0, "scrollDistance": 1308, "rawProgress": 0, "displayedProgress": 100, "mode": "interactive", "canvas": 1, "staticSvg": 0, "loading": 0, "progress": "СБОРКА 100", "renderer": "ANGLE (Google, Vulkan 1.3.0 (SwiftShader Device (Subzero) (0x0000C0DE)), SwiftShader driver)", "sectionTop": 0}
{"name": "26-reduced-motion-on-again", "viewport": [390, 844], "dpr": 1, "scrollY": 0, "scrollDistance": 0, "rawProgress": 0, "displayedProgress": null, "mode": "static", "canvas": 0, "staticSvg": 1, "loading": 0, "progress": null, "renderer": null, "sectionTop": 0}
{"name": "03-first", "viewport": [1440, 900], "dpr": 1, "scrollY": 49, "scrollDistance": 1620, "rawProgress": 0.0302, "displayedProgress": 3, "mode": "interactive", "canvas": 1, "staticSvg": 0, "loading": 0, "progress": "СБОРКА 03", "renderer": "ANGLE (Google, Vulkan 1.3.0 (SwiftShader Device (Subzero) (0x0000C0DE)), SwiftShader driver)", "sectionTop": -49}
{"name": "03-first-pixels", "uniqueColors": 2008, "nonDarkPixels": 79344}
{"name": "04-mid", "viewport": [1440, 900], "dpr": 1, "scrollY": 891, "scrollDistance": 1620, "rawProgress": 0.55, "displayedProgress": 46, "mode": "interactive", "canvas": 1, "staticSvg": 0, "loading": 0, "progress": "СБОРКА 46", "renderer": "ANGLE (Google, Vulkan 1.3.0 (SwiftShader Device (Subzero) (0x0000C0DE)), SwiftShader driver)", "sectionTop": -891}
{"name": "04-mid-pixels", "uniqueColors": 6241, "nonDarkPixels": 139399}
{"name": "05-hold", "viewport": [1440, 900], "dpr": 1, "scrollY": 1620, "scrollDistance": 1620, "rawProgress": 1, "displayedProgress": 100, "mode": "interactive", "canvas": 1, "staticSvg": 0, "loading": 0, "progress": "СБОРКА 100", "renderer": "ANGLE (Google, Vulkan 1.3.0 (SwiftShader Device (Subzero) (0x0000C0DE)), SwiftShader driver)", "sectionTop": -1620}
{"name": "05-hold-pixels", "uniqueColors": 6127, "nonDarkPixels": 145773}
{"name": "06-reverse-zero", "viewport": [1440, 900], "dpr": 1, "scrollY": 0, "scrollDistance": 1620, "rawProgress": 0, "displayedProgress": 0, "mode": "interactive", "canvas": 1, "staticSvg": 0, "loading": 0, "progress": "СБОРКА 00", "renderer": "ANGLE (Google, Vulkan 1.3.0 (SwiftShader Device (Subzero) (0x0000C0DE)), SwiftShader driver)", "sectionTop": 0}
{"name": "06-reverse-zero-pixels", "uniqueColors": 2069, "nonDarkPixels": 80140}
{"name": "dialog-focus-cycle", "tabStops": 2}
{"name": "27-mobile-390x844-reveal", "viewport": [390, 844], "dpr": 1, "scrollY": 157, "scrollDistance": 1308, "rawProgress": 0.12, "displayedProgress": 12, "mode": "interactive", "canvas": 1, "staticSvg": 0, "loading": 0, "progress": "СБОРКА 12", "renderer": "ANGLE (Google, Vulkan 1.3.0 (SwiftShader Device (Subzero) (0x0000C0DE)), SwiftShader driver)", "sectionTop": -157}
{"name": "27-mobile-390x844-reveal-pixels", "uniqueColors": 2483, "nonDarkPixels": 41351}
{"name": "27-mobile-390x844-reveal-composition", "viewport": {"width": 390, "height": 844}, "wordmark": {"left": 20, "top": 171.03125, "right": 339.796875, "bottom": 267.734375}, "actions": [{"left": 20, "top": 327.734375, "right": 225, "bottom": 375.734375}, {"left": 20, "top": 387.734375, "right": 179, "bottom": 435.734375}], "dock": {"left": 58.5, "top": 700, "right": 331.5, "bottom": 732}, "canvas": {"left": 0, "top": 0, "right": 390, "bottom": 844}, "staticSvg": null, "problems": []}
{"name": "27-mobile-390x844-mid", "viewport": [390, 844], "dpr": 1, "scrollY": 719, "scrollDistance": 1308, "rawProgress": 0.5497, "displayedProgress": 55, "mode": "interactive", "canvas": 1, "staticSvg": 0, "loading": 0, "progress": "СБОРКА 55", "renderer": "ANGLE (Google, Vulkan 1.3.0 (SwiftShader Device (Subzero) (0x0000C0DE)), SwiftShader driver)", "sectionTop": -719}
{"name": "27-mobile-390x844-mid-pixels", "uniqueColors": 4344, "nonDarkPixels": 55260}
{"name": "27-mobile-390x844-mid-composition", "viewport": {"width": 390, "height": 844}, "wordmark": {"left": 20, "top": 171.03125, "right": 339.796875, "bottom": 267.734375}, "actions": [{"left": 20, "top": 327.734375, "right": 225, "bottom": 375.734375}, {"left": 20, "top": 387.734375, "right": 179, "bottom": 435.734375}], "dock": {"left": 58.5, "top": 700, "right": 331.5, "bottom": 732}, "canvas": {"left": 0, "top": 0, "right": 390, "bottom": 844}, "staticSvg": null, "problems": []}
{"name": "27-mobile-390x844-assembled", "viewport": [390, 844], "dpr": 1, "scrollY": 1308, "scrollDistance": 1308, "rawProgress": 1, "displayedProgress": 100, "mode": "interactive", "canvas": 1, "staticSvg": 0, "loading": 0, "progress": "СБОРКА 100", "renderer": "ANGLE (Google, Vulkan 1.3.0 (SwiftShader Device (Subzero) (0x0000C0DE)), SwiftShader driver)", "sectionTop": -1308}
{"name": "27-mobile-390x844-assembled-pixels", "uniqueColors": 4153, "nonDarkPixels": 55699}
{"name": "27-mobile-390x844-assembled-composition", "viewport": {"width": 390, "height": 844}, "wordmark": {"left": 20, "top": 171.03125, "right": 339.796875, "bottom": 267.734375}, "actions": [{"left": 20, "top": 327.734375, "right": 225, "bottom": 375.734375}, {"left": 20, "top": 387.734375, "right": 179, "bottom": 435.734375}], "dock": {"left": 58.5, "top": 700, "right": 331.5, "bottom": 732}, "canvas": {"left": 0, "top": 0, "right": 390, "bottom": 844}, "staticSvg": null, "problems": []}
{"name": "27-mobile-390x844-reverse", "viewport": [390, 844], "dpr": 1, "scrollY": 0, "scrollDistance": 1308, "rawProgress": 0, "displayedProgress": 0, "mode": "interactive", "canvas": 1, "staticSvg": 0, "loading": 0, "progress": "СБОРКА 00", "renderer": "ANGLE (Google, Vulkan 1.3.0 (SwiftShader Device (Subzero) (0x0000C0DE)), SwiftShader driver)", "sectionTop": 0}
{"name": "27-mobile-390x844-reverse-composition", "viewport": {"width": 390, "height": 844}, "wordmark": {"left": 20, "top": 171.03125, "right": 339.796875, "bottom": 267.734375}, "actions": [{"left": 20, "top": 327.734375, "right": 225, "bottom": 375.734375}, {"left": 20, "top": 387.734375, "right": 179, "bottom": 435.734375}], "dock": {"left": 58.5, "top": 700, "right": 331.5, "bottom": 732}, "canvas": {"left": 0, "top": 0, "right": 390, "bottom": 844}, "staticSvg": null, "problems": []}
{"name": "28-mobile-360x740-reveal", "viewport": [360, 740], "dpr": 1, "scrollY": 138, "scrollDistance": 1147, "rawProgress": 0.1203, "displayedProgress": 12, "mode": "interactive", "canvas": 1, "staticSvg": 0, "loading": 0, "progress": "СБОРКА 12", "renderer": "ANGLE (Google, Vulkan 1.3.0 (SwiftShader Device (Subzero) (0x0000C0DE)), SwiftShader driver)", "sectionTop": -138}
{"name": "28-mobile-360x740-reveal-pixels", "uniqueColors": 2419, "nonDarkPixels": 36522}
{"name": "28-mobile-360x740-reveal-composition", "viewport": {"width": 360, "height": 740}, "wordmark": {"left": 20, "top": 154.390625, "right": 315.1875, "bottom": 243.65625}, "actions": [{"left": 20, "top": 303.65625, "right": 225, "bottom": 351.65625}, {"left": 20, "top": 363.65625, "right": 179, "bottom": 411.65625}], "dock": {"left": 54, "top": 596, "right": 306, "bottom": 628}, "canvas": {"left": 0, "top": 0, "right": 360, "bottom": 740}, "staticSvg": null, "problems": []}
{"name": "28-mobile-360x740-mid", "viewport": [360, 740], "dpr": 1, "scrollY": 631, "scrollDistance": 1147, "rawProgress": 0.5501, "displayedProgress": 55, "mode": "interactive", "canvas": 1, "staticSvg": 0, "loading": 0, "progress": "СБОРКА 55", "renderer": "ANGLE (Google, Vulkan 1.3.0 (SwiftShader Device (Subzero) (0x0000C0DE)), SwiftShader driver)", "sectionTop": -631}
{"name": "28-mobile-360x740-mid-pixels", "uniqueColors": 3997, "nonDarkPixels": 46132}
{"name": "28-mobile-360x740-mid-composition", "viewport": {"width": 360, "height": 740}, "wordmark": {"left": 20, "top": 154.390625, "right": 315.1875, "bottom": 243.65625}, "actions": [{"left": 20, "top": 303.65625, "right": 225, "bottom": 351.65625}, {"left": 20, "top": 363.65625, "right": 179, "bottom": 411.65625}], "dock": {"left": 54, "top": 596, "right": 306, "bottom": 628}, "canvas": {"left": 0, "top": 0, "right": 360, "bottom": 740}, "staticSvg": null, "problems": []}
{"name": "28-mobile-360x740-assembled", "viewport": [360, 740], "dpr": 1, "scrollY": 1147, "scrollDistance": 1147, "rawProgress": 1, "displayedProgress": 100, "mode": "interactive", "canvas": 1, "staticSvg": 0, "loading": 0, "progress": "СБОРКА 100", "renderer": "ANGLE (Google, Vulkan 1.3.0 (SwiftShader Device (Subzero) (0x0000C0DE)), SwiftShader driver)", "sectionTop": -1147}
{"name": "28-mobile-360x740-assembled-pixels", "uniqueColors": 3880, "nonDarkPixels": 46488}
{"name": "28-mobile-360x740-assembled-composition", "viewport": {"width": 360, "height": 740}, "wordmark": {"left": 20, "top": 154.390625, "right": 315.1875, "bottom": 243.65625}, "actions": [{"left": 20, "top": 303.65625, "right": 225, "bottom": 351.65625}, {"left": 20, "top": 363.65625, "right": 179, "bottom": 411.65625}], "dock": {"left": 54, "top": 596, "right": 306, "bottom": 628}, "canvas": {"left": 0, "top": 0, "right": 360, "bottom": 740}, "staticSvg": null, "problems": []}
{"name": "28-mobile-360x740-reverse", "viewport": [360, 740], "dpr": 1, "scrollY": 0, "scrollDistance": 1147, "rawProgress": 0, "displayedProgress": 0, "mode": "interactive", "canvas": 1, "staticSvg": 0, "loading": 0, "progress": "СБОРКА 00", "renderer": "ANGLE (Google, Vulkan 1.3.0 (SwiftShader Device (Subzero) (0x0000C0DE)), SwiftShader driver)", "sectionTop": 0}
{"name": "28-mobile-360x740-reverse-composition", "viewport": {"width": 360, "height": 740}, "wordmark": {"left": 20, "top": 154.390625, "right": 315.1875, "bottom": 243.65625}, "actions": [{"left": 20, "top": 303.65625, "right": 225, "bottom": 351.65625}, {"left": 20, "top": 363.65625, "right": 179, "bottom": 411.65625}], "dock": {"left": 54, "top": 596, "right": 306, "bottom": 628}, "canvas": {"left": 0, "top": 0, "right": 360, "bottom": 740}, "staticSvg": null, "problems": []}
{"name": "09-landscape-mid", "viewport": [844, 390], "dpr": 1, "scrollY": 386, "scrollDistance": 702, "rawProgress": 0.5499, "displayedProgress": 49, "mode": "interactive", "canvas": 1, "staticSvg": 0, "loading": 0, "progress": "СБОРКА 49", "renderer": "ANGLE (Google, Vulkan 1.3.0 (SwiftShader Device (Subzero) (0x0000C0DE)), SwiftShader driver)", "sectionTop": -386}
{"name": "09-landscape-mid-pixels", "uniqueColors": 5059, "nonDarkPixels": 61038}
{"name": "09-landscape-mid-composition", "viewport": {"width": 844, "height": 390}, "wordmark": {"left": 32, "top": 64, "right": 415.5625, "bottom": 180}, "actions": [{"left": 32, "top": 228, "right": 237, "bottom": 276}, {"left": 249, "top": 228, "right": 408, "bottom": 276}], "dock": {"left": 134, "top": 278, "right": 710, "bottom": 310}, "canvas": {"left": 0, "top": 0, "right": 844, "bottom": 390}, "staticSvg": null, "problems": []}
{"name": "11a-before-reload", "viewport": [1280, 720], "dpr": 1, "scrollY": 778, "scrollDistance": 1296, "rawProgress": 0.6003, "displayedProgress": 60, "mode": "interactive", "canvas": 1, "staticSvg": 0, "loading": 0, "progress": "СБОРКА 60", "renderer": "ANGLE (Google, Vulkan 1.3.0 (SwiftShader Device (Subzero) (0x0000C0DE)), SwiftShader driver)", "sectionTop": -778}
{"name": "11-reload-restored", "viewport": [1280, 720], "dpr": 1, "scrollY": 778, "scrollDistance": 1296, "rawProgress": 0.6003, "displayedProgress": 60, "mode": "interactive", "canvas": 1, "staticSvg": 0, "loading": 0, "progress": "СБОРКА 60", "renderer": "ANGLE (Google, Vulkan 1.3.0 (SwiftShader Device (Subzero) (0x0000C0DE)), SwiftShader driver)", "sectionTop": -778}
{"name": "11-reload-restored-pixels", "uniqueColors": 5162, "nonDarkPixels": 101085}
{"name": "11b-history-navigation", "viewport": [1280, 720], "dpr": 1, "scrollY": 1555, "scrollDistance": 1296, "rawProgress": 1, "displayedProgress": 0, "mode": "interactive", "canvas": 1, "staticSvg": 0, "loading": 1, "progress": "СБОРКА 00", "renderer": "ANGLE (Google, Vulkan 1.3.0 (SwiftShader Device (Subzero) (0x0000C0DE)), SwiftShader driver)", "sectionTop": -1555}
{"name": "12-context-lost-static", "viewport": [1280, 720], "dpr": 1, "scrollY": 259, "scrollDistance": 0, "rawProgress": 0, "displayedProgress": null, "mode": "static", "canvas": 0, "staticSvg": 1, "loading": 0, "progress": null, "renderer": null, "sectionTop": -259}
{"name": "17-early-scroll-loading", "viewport": [1280, 720], "dpr": 1, "scrollY": 648, "scrollDistance": 1296, "rawProgress": 0.5, "displayedProgress": 0, "mode": "interactive", "canvas": 0, "staticSvg": 0, "loading": 1, "progress": "СБОРКА 00", "renderer": null, "sectionTop": -648}
{"name": "18-early-scroll-ready", "viewport": [1280, 720], "dpr": 1, "scrollY": 648, "scrollDistance": 1296, "rawProgress": 0.5, "displayedProgress": 50, "mode": "interactive", "canvas": 1, "staticSvg": 0, "loading": 0, "progress": "СБОРКА 50", "renderer": "ANGLE (Google, Vulkan 1.3.0 (SwiftShader Device (Subzero) (0x0000C0DE)), SwiftShader driver)", "sectionTop": -648}
{"name": "18-early-scroll-ready-pixels", "uniqueColors": 5146, "nonDarkPixels": 100130}
{"name": "13-module-timeout-paused", "viewport": [1280, 720], "dpr": 1, "scrollY": 0, "scrollDistance": 1296, "rawProgress": 0, "displayedProgress": 0, "mode": "interactive", "canvas": 0, "staticSvg": 0, "loading": 1, "progress": "СБОРКА 00", "renderer": null, "sectionTop": 0}
{"name": "14-module-timeout-static", "viewport": [1280, 720], "dpr": 1, "scrollY": 0, "scrollDistance": 0, "rawProgress": 0, "displayedProgress": null, "mode": "static", "canvas": 0, "staticSvg": 1, "loading": 0, "progress": null, "renderer": null, "sectionTop": 0}
{"name": "19-late-import-after-static", "viewport": [1280, 720], "dpr": 1, "scrollY": 0, "scrollDistance": 0, "rawProgress": 0, "displayedProgress": null, "mode": "static", "canvas": 0, "staticSvg": 1, "loading": 0, "progress": null, "renderer": null, "sectionTop": 0}
{"name": "19-late-import-after-static", "moduleFinished": ["http://localhost:8080/src/components/vne/PortalScene.tsx"], "ctaWorks": true}
{"name": "20a-resize-inside-before", "viewport": [1440, 900], "dpr": 1, "scrollY": 810, "scrollDistance": 1620, "rawProgress": 0.5, "displayedProgress": 46, "mode": "interactive", "canvas": 1, "staticSvg": 0, "loading": 0, "progress": "СБОРКА 46", "renderer": "ANGLE (Google, Vulkan 1.3.0 (SwiftShader Device (Subzero) (0x0000C0DE)), SwiftShader driver)", "sectionTop": -810}
{"name": "20-resize-inside", "viewport": [1180, 780], "dpr": 1, "scrollY": 702, "scrollDistance": 1404, "rawProgress": 0.5, "displayedProgress": 50, "mode": "interactive", "canvas": 1, "staticSvg": 0, "loading": 0, "progress": "СБОРКА 50", "renderer": "ANGLE (Google, Vulkan 1.3.0 (SwiftShader Device (Subzero) (0x0000C0DE)), SwiftShader driver)", "sectionTop": -702}
{"name": "21a-resize-below-before", "viewport": [1180, 780], "dpr": 1, "scrollY": 1685, "scrollDistance": 1404, "rawProgress": 1, "displayedProgress": 99, "mode": "interactive", "canvas": 1, "staticSvg": 0, "loading": 0, "progress": "СБОРКА 99", "renderer": "ANGLE (Google, Vulkan 1.3.0 (SwiftShader Device (Subzero) (0x0000C0DE)), SwiftShader driver)", "sectionTop": -1685}
{"name": "21-resize-below", "viewport": [1180, 640], "dpr": 1, "scrollY": 1293, "scrollDistance": 1152, "rawProgress": 1, "displayedProgress": 100, "mode": "interactive", "canvas": 1, "staticSvg": 0, "loading": 0, "progress": "СБОРКА 100", "renderer": "ANGLE (Google, Vulkan 1.3.0 (SwiftShader Device (Subzero) (0x0000C0DE)), SwiftShader driver)", "sectionTop": -1293}
{"name": "21-resize-below-landmark", "before": {"anchor": "#night p", "y": 595.9, "scrollY": 1685}, "after": {"anchor": "#night p", "y": 570.7, "scrollY": 1293}, "maxScroll": 1382}
{"name": "22a-resize-dialog-before", "viewport": [1180, 640], "dpr": 1, "scrollY": 810, "scrollDistance": 1152, "rawProgress": 0.7031, "displayedProgress": 75, "mode": "interactive", "canvas": 1, "staticSvg": 0, "loading": 0, "progress": "СБОРКА 75", "renderer": "ANGLE (Google, Vulkan 1.3.0 (SwiftShader Device (Subzero) (0x0000C0DE)), SwiftShader driver)", "sectionTop": -810}
{"name": "22-resize-dialog-open", "viewport": [900, 820], "dpr": 1, "scrollY": 810, "scrollDistance": 1476, "rawProgress": 0.5488, "displayedProgress": 70, "mode": "interactive", "canvas": 1, "staticSvg": 0, "loading": 0, "progress": "СБОРКА 70", "renderer": "ANGLE (Google, Vulkan 1.3.0 (SwiftShader Device (Subzero) (0x0000C0DE)), SwiftShader driver)", "sectionTop": -810}
{"name": "23-fallback-while-reading-below", "viewport": [900, 820], "dpr": 1, "scrollY": 295, "scrollDistance": 0, "rawProgress": 0, "displayedProgress": null, "mode": "static", "canvas": 0, "staticSvg": 1, "loading": 0, "progress": null, "renderer": null, "sectionTop": -295}
{"name": "23-landmark", "before": {"anchor": "#night p", "y": 629.1}, "after": {"anchor": "#night p", "y": 629.1}}
{"name": "24-resize-static", "viewport": [390, 844], "dpr": 1, "scrollY": 0, "scrollDistance": 0, "rawProgress": 0, "displayedProgress": null, "mode": "static", "canvas": 0, "staticSvg": 1, "loading": 0, "progress": null, "renderer": null, "sectionTop": 0}
{"name": "24-resize-static-composition", "viewport": {"width": 390, "height": 844}, "wordmark": {"left": 20, "top": 171.03125, "right": 339.796875, "bottom": 267.734375}, "actions": [{"left": 20, "top": 327.734375, "right": 225, "bottom": 375.734375}], "dock": {"left": 58.5, "top": 700, "right": 331.5, "bottom": 732}, "canvas": null, "staticSvg": {"left": 46.796875, "top": 391.734375, "right": 343.1875, "bottom": 684}, "problems": []}
{"name": "15-fonts", "status": "loaded", "onestLoaded": true, "unboundedLoaded": true, "body": "Onest, system-ui, sans-serif", "display": "Unbounded, sans-serif", "widthOnest": 405, "widthUnbounded": 522, "widthFallback": 441.6, "inkOnest": 3545, "inkUnbounded": 4261, "inkFallback": 3153}
Skipping host requirements validation logic because `PLAYWRIGHT_SKIP_VALIDATE_HOST_REQUIREMENTS` env variable is set.
{"name": "16-webgl-unavailable-static", "viewport": [1280, 720], "dpr": 1, "scrollY": 0, "scrollDistance": 0, "rawProgress": 0, "displayedProgress": null, "mode": "static", "canvas": 0, "staticSvg": 1, "loading": 0, "progress": null, "renderer": null, "sectionTop": 0}
{"name": "16-webgl-unavailable-static-composition", "viewport": {"width": 1280, "height": 720}, "wordmark": {"left": 48, "top": 129.59375, "right": 662.390625, "bottom": 315.390625}, "actions": [{"left": 48, "top": 571.203125, "right": 253, "bottom": 619.203125}], "dock": {"left": 352, "top": 576, "right": 928, "bottom": 608}, "canvas": null, "staticSvg": {"left": 694.390625, "top": 16, "right": 1264, "bottom": 560}, "problems": []}
{"name": "99-summary", "scenarios": 71, "notVerified": ["renderer 4s timeout: успешный импорт без пригодного кадра недостижим в headless Chromium без публичного переключателя отказа", "физические iPhone/Safari, Android/Chrome, GPU и экран 120 Гц"]}
Acceptance harness PASS
